<html>
<body>
<pre>
<h1>µVision Build Log</h1>
<h2>Tool Versions:</h2>
IDE-Version: µVision V5.26.2.0
Copyright (C) 2018 ARM Ltd and ARM Germany GmbH. All rights reserved.
License Information: Michael Hirschmugl, AVL Ditest, LIC=----
 
Tool Versions:
Toolchain:       MDK-Lite  Version: 5.26.2.0
Toolchain Path:  C:\Keil_v5\ARM\ARMCC\Bin
C Compiler:      Armcc.exe V5.06 update 6 (build 750)
Assembler:       Armasm.exe V5.06 update 6 (build 750)
Linker/Locator:  ArmLink.exe V5.06 update 6 (build 750)
Library Manager: ArmAr.exe V5.06 update 6 (build 750)
Hex Converter:   FromElf.exe V5.06 update 6 (build 750)
CPU DLL:         SARMCM3.DLL V5.26.2.0
Dialog DLL:      DCM.DLL V1.17.2.0
Target DLL:      Segger\JL2CM3.dll V2.99.31.0
Dialog DLL:      TCM.DLL V1.36.1.0
 
<h2>Project:</h2>
C:\Users\u15q86\Documents\GitHub\SNESDRONE-Firmware\MDK-ARM\uVision_Project_22_11_2019.uvprojx
Project File Date:  11/23/2019

<h2>Output:</h2>
*** Using Compiler 'V5.06 update 6 (build 750)', folder: 'C:\Keil_v5\ARM\ARMCC\Bin'
Build target 'uVision_Project_22_11_2019'
compiling main.c...
../Src/main.c(136): warning:  #167-D: argument of type "volatile uint32_t *" is incompatible with parameter of type "uint32_t *"
  	HAL_ADC_Start_DMA(&hadc1,adc_32,8);
../Src/main.c: 1 warning, 0 errors
linking...
Program Size: Code=7676 RO-data=604 RW-data=20500 ZI-data=1228  
FromELF: creating hex file...
"uVision_Project_22_11_2019\uVision_Project_22_11_2019.axf" - 0 Error(s), 1 Warning(s).

<h2>Software Packages used:</h2>

Package Vendor: ARM
                http://www.keil.com/pack/ARM.CMSIS.5.4.0.pack
                ARM.CMSIS.5.4.0
                CMSIS (Cortex Microcontroller Software Interface Standard)
   * Component: CORE Version: 5.1.2

Package Vendor: Keil
                http://www.keil.com/pack/Keil.STM32F7xx_DFP.2.11.0.pack
                Keil.STM32F7xx_DFP.2.11.0
                STMicroelectronics STM32F7 Series Device Support, Drivers and Examples

<h2>Collection of Component include folders:</h2>
  .\RTE\_uVision_Project_22_11_2019
  C:\Keil_v5\ARM\PACK\ARM\CMSIS\5.4.0\CMSIS\Core\Include
  C:\Keil_v5\ARM\PACK\Keil\STM32F7xx_DFP\2.11.0\Drivers\CMSIS\Device\ST\STM32F7xx\Include

<h2>Collection of Component Files used:</h2>

   * Component: ARM::CMSIS:CORE:5.1.2
Build Time Elapsed:  00:00:04
</pre>
</body>
</html>
